Performing C SOURCE FILE Test HAVE_SSE succeeded with the following output:
Change Dir: '/home/takahamich/NG-Scope/build/CMakeFiles/CMakeTmp'

Run Build Command(s): /usr/bin/cmake -E env VERBOSE=1 /usr/bin/gmake -f Makefile cmTC_959fb/fast
/usr/bin/gmake  -f CMakeFiles/cmTC_959fb.dir/build.make CMakeFiles/cmTC_959fb.dir/build
gmake[1]: Entering directory '/home/takahamich/NG-Scope/build/CMakeFiles/CMakeTmp'
Building C object CMakeFiles/cmTC_959fb.dir/src.c.o
/usr/bin/cc   -DHAVE_SSE -msse4.1 -o CMakeFiles/cmTC_959fb.dir/src.c.o -c /home/takahamich/NG-Scope/build/CMakeFiles/CMakeTmp/src.c
Linking C executable cmTC_959fb
/usr/bin/cmake -E cmake_link_script CMakeFiles/cmTC_959fb.dir/link.txt --verbose=1
/usr/bin/cc  -DHAVE_SSE -msse4.1 CMakeFiles/cmTC_959fb.dir/src.c.o -o cmTC_959fb 
gmake[1]: Leaving directory '/home/takahamich/NG-Scope/build/CMakeFiles/CMakeTmp'


Return value: 1
Source file was:

        #include <emmintrin.h>
        #include <smmintrin.h>

        int main()
        {
        __m128i a = _mm_setzero_si128();
        __m128i b = _mm_minpos_epu16(a);
        return 0;
        }
Performing C SOURCE FILE Test HAVE_AVX succeeded with the following output:
Change Dir: '/home/takahamich/NG-Scope/build/CMakeFiles/CMakeTmp'

Run Build Command(s): /usr/bin/cmake -E env VERBOSE=1 /usr/bin/gmake -f Makefile cmTC_11ca4/fast
/usr/bin/gmake  -f CMakeFiles/cmTC_11ca4.dir/build.make CMakeFiles/cmTC_11ca4.dir/build
gmake[1]: Entering directory '/home/takahamich/NG-Scope/build/CMakeFiles/CMakeTmp'
Building C object CMakeFiles/cmTC_11ca4.dir/src.c.o
/usr/bin/cc   -DHAVE_AVX -mavx -o CMakeFiles/cmTC_11ca4.dir/src.c.o -c /home/takahamich/NG-Scope/build/CMakeFiles/CMakeTmp/src.c
Linking C executable cmTC_11ca4
/usr/bin/cmake -E cmake_link_script CMakeFiles/cmTC_11ca4.dir/link.txt --verbose=1
/usr/bin/cc  -DHAVE_AVX -mavx CMakeFiles/cmTC_11ca4.dir/src.c.o -o cmTC_11ca4 
gmake[1]: Leaving directory '/home/takahamich/NG-Scope/build/CMakeFiles/CMakeTmp'


Return value: 1
Source file was:

            #include <immintrin.h>
            int main()
            {
              __m256 a, b, c;
              const float src[8] = { 1.0f, 2.0f, 3.0f, 4.0f, 5.0f, 6.0f, 7.0f, 8.0f };
              float dst[8];
              a = _mm256_loadu_ps( src );
              b = _mm256_loadu_ps( src );
              c = _mm256_add_ps( a, b );
              _mm256_storeu_ps( dst, c );
              int i = 0;
              for( i = 0; i < 8; i++ ){
                if( ( src[i] + src[i] ) != dst[i] ){
                  return -1;
                }
              }
              return 0;
            }
Performing C SOURCE FILE Test HAVE_AVX2 succeeded with the following output:
Change Dir: '/home/takahamich/NG-Scope/build/CMakeFiles/CMakeTmp'

Run Build Command(s): /usr/bin/cmake -E env VERBOSE=1 /usr/bin/gmake -f Makefile cmTC_f462d/fast
/usr/bin/gmake  -f CMakeFiles/cmTC_f462d.dir/build.make CMakeFiles/cmTC_f462d.dir/build
gmake[1]: Entering directory '/home/takahamich/NG-Scope/build/CMakeFiles/CMakeTmp'
Building C object CMakeFiles/cmTC_f462d.dir/src.c.o
/usr/bin/cc   -DHAVE_AVX2 -mavx2 -o CMakeFiles/cmTC_f462d.dir/src.c.o -c /home/takahamich/NG-Scope/build/CMakeFiles/CMakeTmp/src.c
Linking C executable cmTC_f462d
/usr/bin/cmake -E cmake_link_script CMakeFiles/cmTC_f462d.dir/link.txt --verbose=1
/usr/bin/cc  -DHAVE_AVX2 -mavx2 CMakeFiles/cmTC_f462d.dir/src.c.o -o cmTC_f462d 
gmake[1]: Leaving directory '/home/takahamich/NG-Scope/build/CMakeFiles/CMakeTmp'


Return value: 1
Source file was:

          #include <immintrin.h>
          int main()
          {
            __m256i a, b, c;
            const int src[8] = { 1, 2, 3, 4, 5, 6, 7, 8 };
            int dst[8];
            a =  _mm256_loadu_si256( (__m256i*)src );
            b =  _mm256_loadu_si256( (__m256i*)src );
            c = _mm256_add_epi32( a, b );
            _mm256_storeu_si256( (__m256i*)dst, c );
            int i = 0;
            for( i = 0; i < 8; i++ ){
              if( ( src[i] + src[i] ) != dst[i] ){
                return -1;
              }
            }
            return 0;
          }
Performing C SOURCE FILE Test HAVE_FMA succeeded with the following output:
Change Dir: '/home/takahamich/NG-Scope/build/CMakeFiles/CMakeTmp'

Run Build Command(s): /usr/bin/cmake -E env VERBOSE=1 /usr/bin/gmake -f Makefile cmTC_d9530/fast
/usr/bin/gmake  -f CMakeFiles/cmTC_d9530.dir/build.make CMakeFiles/cmTC_d9530.dir/build
gmake[1]: Entering directory '/home/takahamich/NG-Scope/build/CMakeFiles/CMakeTmp'
Building C object CMakeFiles/cmTC_d9530.dir/src.c.o
/usr/bin/cc   -DHAVE_FMA -mfma -o CMakeFiles/cmTC_d9530.dir/src.c.o -c /home/takahamich/NG-Scope/build/CMakeFiles/CMakeTmp/src.c
Linking C executable cmTC_d9530
/usr/bin/cmake -E cmake_link_script CMakeFiles/cmTC_d9530.dir/link.txt --verbose=1
/usr/bin/cc  -DHAVE_FMA -mfma CMakeFiles/cmTC_d9530.dir/src.c.o -o cmTC_d9530 
gmake[1]: Leaving directory '/home/takahamich/NG-Scope/build/CMakeFiles/CMakeTmp'


Return value: 1
Source file was:

            #include <immintrin.h>
            int main()
            {
              __m256 a, b, c, r;
              const float src[8] = { 1.0f, 2.0f, 3.0f, 4.0f, 5.0f, 6.0f, 7.0f, 8.0f };
              float dst[8];
              a = _mm256_loadu_ps( src );
              b = _mm256_loadu_ps( src );
              c = _mm256_loadu_ps( src );
              r = _mm256_fmadd_ps( a, b, c );
              _mm256_storeu_ps( dst, r );
              int i = 0;
              for( i = 0; i < 8; i++ ){
                if( ( src[i] * src[i] + src[i] ) != dst[i] ){
                  return -1;
                }
              }
              return 0;
            }
Performing C SOURCE FILE Test HAVE_AVX512 succeeded with the following output:
Change Dir: '/home/takahamich/NG-Scope/build/CMakeFiles/CMakeTmp'

Run Build Command(s): /usr/bin/cmake -E env VERBOSE=1 /usr/bin/gmake -f Makefile cmTC_df543/fast
/usr/bin/gmake  -f CMakeFiles/cmTC_df543.dir/build.make CMakeFiles/cmTC_df543.dir/build
gmake[1]: Entering directory '/home/takahamich/NG-Scope/build/CMakeFiles/CMakeTmp'
Building C object CMakeFiles/cmTC_df543.dir/src.c.o
/usr/bin/cc   -DHAVE_AVX512 -mavx512f -mavx512cd -mavx512bw -mavx512dq -DLV_HAVE_AVX512 -o CMakeFiles/cmTC_df543.dir/src.c.o -c /home/takahamich/NG-Scope/build/CMakeFiles/CMakeTmp/src.c
Linking C executable cmTC_df543
/usr/bin/cmake -E cmake_link_script CMakeFiles/cmTC_df543.dir/link.txt --verbose=1
/usr/bin/cc  -DHAVE_AVX512 -mavx512f -mavx512cd -mavx512bw -mavx512dq -DLV_HAVE_AVX512 CMakeFiles/cmTC_df543.dir/src.c.o -o cmTC_df543 
gmake[1]: Leaving directory '/home/takahamich/NG-Scope/build/CMakeFiles/CMakeTmp'


Return value: 1
Source file was:

          #include <immintrin.h>
          int main()
          {
            __m512i a, b, c;
            const int src[16] = { 0x0, 0x1, 0x2, 0x3, 0x4, 0x5, 0x6, 0x7, 0x8 , 0x9, 0xA, 0xB, 0xC, 0xD, 0xE, 0xF};
            int dst[16];
            a =  _mm512_loadu_si512( (__m512i*)src );
            b =  _mm512_loadu_si512( (__m512i*)src );
            c = _mm512_add_epi32( a, b );
            _mm512_storeu_si512( (__m512i*)dst, c );
            int i = 0;
            for( i = 0; i < 16; i++ ){
              if( ( src[i] + src[i] ) != dst[i] ){
                return -1;
              }
            }
            return 0;
          }
